#options: 1080x1920 fps=30/1 timebase=1/30 bitdepth=8 cabac=1 ref=1 deblock=1:0:0 analyse=0x1:0 me=dia subme=2 psy=1 psy_rd=1.00:0.00 mixed_ref=0 me_range=16 chroma_me=1 trellis=0 8x8dct=0 cqm=0 deadzone=21,11 fast_pskip=1 chroma_qp_offset=0 threads=33 lookahead_threads=11 sliced_threads=0 nr=0 decimate=1 interlaced=0 bluray_compat=0 constrained_intra=0 bframes=3 b_pyramid=2 b_adapt=1 b_bias=0 direct=3 weightb=1 open_gop=0 weightp=2 keyint=250 keyint_min=25 scenecut=40 intra_refresh=0 rc_lookahead=50 rc=abr mbtree=1 bitrate=5180 ratetol=1.0 qcomp=0.60 qpmin=0 qpmax=69 qpstep=4 ip_ratio=1.40 aq=1:1.00
in:0 out:0 type:I dur:2 cpbdur:2 q:25.27 aq:16.95 tex:881005 mv:222437 misc:398 imb:8160 pmb:0 smb:0 d:- ref:;
in:4 out:1 type:P dur:2 cpbdur:2 q:26.57 aq:18.42 tex:189233 mv:41675 misc:5268 imb:1245 pmb:5565 smb:1350 d:- ref:0 ;
in:2 out:2 type:B dur:2 cpbdur:2 q:26.57 aq:19.79 tex:26337 mv:23867 misc:7732 imb:215 pmb:3214 smb:4731 d:s ref:0 ;
in:1 out:3 type:b dur:2 cpbdur:2 q:26.57 aq:20.87 tex:10690 mv:13418 misc:7116 imb:74 pmb:2230 smb:5856 d:s ref:0 ;
in:3 out:4 type:b dur:2 cpbdur:2 q:26.57 aq:21.03 tex:11911 mv:15034 misc:6495 imb:94 pmb:2023 smb:6043 d:- ref:0 ;
in:8 out:5 type:P dur:2 cpbdur:2 q:26.61 aq:18.84 tex:215134 mv:45622 misc:4916 imb:1775 pmb:5130 smb:1255 d:- ref:0 ;
in:6 out:6 type:B dur:2 cpbdur:2 q:26.59 aq:20.24 tex:31576 mv:32697 misc:8023 imb:281 pmb:3948 smb:3931 d:s ref:0 ;
in:5 out:7 type:b dur:2 cpbdur:2 q:26.58 aq:21.03 tex:14481 mv:20329 misc:7822 imb:134 pmb:3048 smb:4978 d:s ref:0 ;
in:7 out:8 type:b dur:2 cpbdur:2 q:26.60 aq:21.43 tex:12349 mv:15143 misc:6324 imb:96 pmb:1842 smb:6222 d:- ref:0 ;
in:12 out:9 type:P dur:2 cpbdur:2 q:26.67 aq:19.39 tex:289371 mv:50980 misc:3753 imb:2700 pmb:4569 smb:891 d:- ref:0 ;
in:10 out:10 type:B dur:2 cpbdur:2 q:26.64 aq:20.55 tex:42480 mv:33955 misc:7493 imb:525 pmb:3398 smb:4237 d:s ref:0 ;
in:9 out:11 type:b dur:2 cpbdur:2 q:26.62 aq:21.02 tex:16878 mv:21961 misc:7313 imb:160 pmb:3163 smb:4837 d:s ref:0 ;
in:11 out:12 type:b dur:2 cpbdur:2 q:26.65 aq:21.99 tex:16909 mv:17522 misc:6625 imb:90 pmb:2202 smb:5868 d:- ref:0 ;
in:16 out:13 type:P dur:2 cpbdur:2 q:26.80 aq:19.55 tex:326635 mv:53585 misc:3300 imb:3147 pmb:4282 smb:731 d:- ref:0 ;
in:14 out:14 type:B dur:2 cpbdur:2 q:26.73 aq:20.33 tex:59183 mv:35638 misc:7131 imb:639 pmb:3373 smb:4148 d:s ref:0 ;
in:13 out:15 type:b dur:2 cpbdur:2 q:26.70 aq:21.11 tex:26309 mv:22659 misc:7128 imb:244 pmb:2934 smb:4982 d:s ref:0 ;
in:15 out:16 type:b dur:2 cpbdur:2 q:26.77 aq:21.71 tex:20547 mv:19173 misc:6712 imb:128 pmb:2277 smb:5755 d:- ref:0 ;
in:20 out:17 type:P dur:2 cpbdur:2 q:26.99 aq:20.05 tex:304346 mv:52703 misc:3503 imb:2866 pmb:4375 smb:919 d:- ref:0 ;
in:18 out:18 type:B dur:2 cpbdur:2 q:26.89 aq:20.69 tex:57297 mv:35562 misc:7021 imb:691 pmb:3143 smb:4326 d:s ref:0 ;
in:17 out:19 type:b dur:2 cpbdur:2 q:26.85 aq:21.31 tex:22329 mv:21932 misc:7107 imb:234 pmb:3196 smb:4730 d:s ref:0 ;
in:19 out:20 type:b dur:2 cpbdur:2 q:26.94 aq:22.28 tex:20488 mv:19935 misc:6865 imb:134 pmb:2358 smb:5668 d:- ref:0 ;
in:24 out:21 type:P dur:2 cpbdur:2 q:27.13 aq:20.28 tex:288389 mv:51326 misc:4109 imb:2897 pmb:4140 smb:1123 d:- ref:0 ;
in:22 out:22 type:B dur:2 cpbdur:2 q:27.06 aq:20.77 tex:55082 mv:40939 misc:6947 imb:782 pmb:3764 smb:3614 d:s ref:0 ;
in:21 out:23 type:b dur:2 cpbdur:2 q:27.02 aq:21.62 tex:25038 mv:27541 misc:7453 imb:257 pmb:3235 smb:4668 d:s ref:0 ;
in:23 out:24 type:b dur:2 cpbdur:2 q:27.10 aq:22.48 tex:16755 mv:18083 misc:6602 imb:113 pmb:2116 smb:5931 d:- ref:0 ;
in:28 out:25 type:P dur:2 cpbdur:2 q:27.28 aq:20.02 tex:307317 mv:52313 misc:3338 imb:3155 pmb:4120 smb:885 d:- ref:0 ;
in:26 out:26 type:B dur:2 cpbdur:2 q:27.21 aq:20.74 tex:52845 mv:35615 misc:7444 imb:527 pmb:3345 smb:4288 d:s ref:0 ;
in:25 out:27 type:b dur:2 cpbdur:2 q:27.17 aq:21.51 tex:23647 mv:22020 misc:7469 imb:213 pmb:2790 smb:5157 d:s ref:0 ;
in:27 out:28 type:b dur:2 cpbdur:2 q:27.24 aq:22.08 tex:19274 mv:19153 misc:6661 imb:153 pmb:2089 smb:5918 d:- ref:0 ;
in:31 out:29 type:P dur:2 cpbdur:2 q:27.49 aq:20.11 tex:232583 mv:49994 misc:4023 imb:2630 pmb:4412 smb:1118 d:- ref:0 ;
in:29 out:30 type:B dur:2 cpbdur:2 q:27.35 aq:21.65 tex:31357 mv:27011 misc:6840 imb:406 pmb:2602 smb:5152 d:s ref:0 ;
in:30 out:31 type:b dur:2 cpbdur:2 q:27.42 aq:21.84 tex:16711 mv:19301 misc:6772 imb:176 pmb:2116 smb:5868 d:- ref:0 ;
in:35 out:32 type:P dur:2 cpbdur:2 q:27.57 aq:19.88 tex:267274 mv:53604 misc:3474 imb:2932 pmb:4286 smb:942 d:- ref:0 ;
in:33 out:33 type:B dur:2 cpbdur:2 q:27.53 aq:21.12 tex:37276 mv:36408 misc:6588 imb:526 pmb:4067 smb:3567 d:s ref:0 ;
in:32 out:34 type:b dur:2 cpbdur:2 q:27.51 aq:22.04 tex:22963 mv:31625 misc:6708 imb:400 pmb:3291 smb:4469 d:s ref:0 ;
in:34 out:35 type:b dur:2 cpbdur:2 q:27.55 aq:22.21 tex:12947 mv:16487 misc:6262 imb:137 pmb:1727 smb:6296 d:- ref:0 ;
in:39 out:36 type:P dur:2 cpbdur:2 q:32.54 aq:24.33 tex:55601 mv:30235 misc:7036 imb:1202 pmb:2501 smb:4457 d:s ref:0 ;
in:37 out:37 type:B dur:2 cpbdur:2 q:30.06 aq:23.53 tex:16071 mv:22075 misc:6678 imb:274 pmb:2001 smb:5885 d:t ref:0 ;
in:36 out:38 type:b dur:2 cpbdur:2 q:28.81 aq:23.44 tex:10331 mv:15165 misc:5792 imb:115 pmb:1521 smb:6524 d:t ref:0 ;
in:38 out:39 type:b dur:2 cpbdur:2 q:31.30 aq:26.16 tex:5558 mv:11034 misc:4416 imb:79 pmb:1073 smb:7008 d:- ref:0 ;
in:43 out:40 type:P dur:2 cpbdur:2 q:29.15 aq:21.60 tex:196967 mv:50649 misc:4680 imb:2910 pmb:3800 smb:1450 d:s ref:0 ;
in:41 out:41 type:B dur:2 cpbdur:2 q:30.84 aq:24.29 tex:14393 mv:22529 misc:6462 imb:272 pmb:1994 smb:5894 d:s ref:0 ;
in:40 out:42 type:b dur:2 cpbdur:2 q:31.69 aq:26.08 tex:4904 mv:11467 misc:4413 imb:82 pmb:1107 smb:6971 d:s ref:0 ;
in:42 out:43 type:b dur:2 cpbdur:2 q:30.00 aq:24.92 tex:8202 mv:14611 misc:5411 imb:129 pmb:1424 smb:6607 d:- ref:0 ;
in:47 out:44 type:P dur:2 cpbdur:2 q:27.63 aq:20.31 tex:245817 mv:54867 misc:4404 imb:2741 pmb:4191 smb:1228 d:s ref:0 ;
in:45 out:45 type:B dur:2 cpbdur:2 q:28.39 aq:22.01 tex:27711 mv:30394 misc:7559 imb:365 pmb:2758 smb:5037 d:s ref:0 ;
in:44 out:46 type:b dur:2 cpbdur:2 q:28.77 aq:23.40 tex:11196 mv:17840 misc:6076 imb:159 pmb:1722 smb:6279 d:s ref:0 ;
in:46 out:47 type:b dur:2 cpbdur:2 q:28.01 aq:22.85 tex:14382 mv:19831 misc:6563 imb:155 pmb:2003 smb:6002 d:- ref:0 ;
in:51 out:48 type:P dur:2 cpbdur:2 q:26.87 aq:19.71 tex:287674 mv:57575 misc:3631 imb:2908 pmb:4292 smb:960 d:s ref:0 ;
in:49 out:49 type:B dur:2 cpbdur:2 q:27.25 aq:21.11 tex:40010 mv:35010 misc:7828 imb:416 pmb:3408 smb:4336 d:s ref:0 ;
in:48 out:50 type:b dur:2 cpbdur:2 q:27.44 aq:22.45 tex:17076 mv:22431 misc:6781 imb:211 pmb:2164 smb:5785 d:s ref:0 ;
in:50 out:51 type:b dur:2 cpbdur:2 q:27.06 aq:21.80 tex:17887 mv:22840 misc:6905 imb:215 pmb:2249 smb:5696 d:- ref:0 ;
in:53 out:52 type:P dur:2 cpbdur:2 q:26.24 aq:18.96 tex:235318 mv:50923 misc:4639 imb:2318 pmb:4552 smb:1290 d:s ref:0 ;
in:52 out:53 type:b dur:2 cpbdur:2 q:26.56 aq:21.21 tex:22886 mv:24817 misc:7257 imb:226 pmb:2521 smb:5413 d:t ref:0 ;
in:55 out:54 type:P dur:2 cpbdur:2 q:26.27 aq:18.82 tex:237982 mv:49205 misc:4757 imb:2174 pmb:4551 smb:1435 d:s ref:0 ;
in:54 out:55 type:b dur:2 cpbdur:2 q:26.25 aq:20.96 tex:24170 mv:26749 misc:7529 imb:242 pmb:2711 smb:5207 d:t ref:0 ;
in:59 out:56 type:P dur:2 cpbdur:2 q:25.89 aq:18.60 tex:315117 mv:60139 misc:2880 imb:2949 pmb:4602 smb:609 d:s ref:0 ;
in:57 out:57 type:B dur:2 cpbdur:2 q:26.08 aq:19.78 tex:57487 mv:43276 misc:7797 imb:612 pmb:3996 smb:3552 d:s ref:0 ;
in:56 out:58 type:b dur:2 cpbdur:2 q:26.17 aq:20.88 tex:24810 mv:27812 misc:7514 imb:321 pmb:2759 smb:5080 d:s ref:0 ;
in:58 out:59 type:b dur:2 cpbdur:2 q:25.98 aq:20.66 tex:25939 mv:27433 misc:7572 imb:303 pmb:2747 smb:5110 d:- ref:0 ;
in:63 out:60 type:P dur:2 cpbdur:2 q:25.44 aq:18.25 tex:339886 mv:62069 misc:2653 imb:2970 pmb:4647 smb:543 d:s ref:0 ;
in:61 out:61 type:B dur:2 cpbdur:2 q:25.67 aq:19.43 tex:63576 mv:45784 misc:7776 imb:715 pmb:4007 smb:3438 d:s ref:0 ;
in:60 out:62 type:b dur:2 cpbdur:2 q:25.78 aq:20.38 tex:25835 mv:27842 misc:7427 imb:272 pmb:2787 smb:5101 d:s ref:0 ;
in:62 out:63 type:b dur:2 cpbdur:2 q:25.55 aq:20.18 tex:29418 mv:30697 misc:7581 imb:316 pmb:2984 smb:4860 d:- ref:0 ;
in:67 out:64 type:P dur:2 cpbdur:2 q:24.78 aq:17.62 tex:381068 mv:64238 misc:2390 imb:2989 pmb:4727 smb:444 d:s ref:0 ;
in:65 out:65 type:B dur:2 cpbdur:2 q:25.11 aq:19.19 tex:74060 mv:49301 misc:7575 imb:706 pmb:4295 smb:3159 d:s ref:0 ;
in:64 out:66 type:b dur:2 cpbdur:2 q:25.28 aq:19.99 tex:31488 mv:34001 misc:7655 imb:380 pmb:3134 smb:4646 d:s ref:0 ;
in:66 out:67 type:b dur:2 cpbdur:2 q:24.94 aq:19.98 tex:35425 mv:34316 misc:7699 imb:365 pmb:3260 smb:4535 d:- ref:0 ;
in:71 out:68 type:P dur:2 cpbdur:2 q:24.60 aq:17.57 tex:360420 mv:62702 misc:2654 imb:2959 pmb:4677 smb:524 d:s ref:0 ;
in:69 out:69 type:B dur:2 cpbdur:2 q:24.69 aq:18.82 tex:86033 mv:51041 misc:7518 imb:719 pmb:4455 smb:2986 d:s ref:0 ;
in:68 out:70 type:b dur:2 cpbdur:2 q:24.73 aq:19.73 tex:36525 mv:33514 misc:7713 imb:348 pmb:3276 smb:4536 d:s ref:0 ;
in:70 out:71 type:b dur:2 cpbdur:2 q:24.64 aq:19.32 tex:34983 mv:32939 misc:7886 imb:318 pmb:3292 smb:4550 d:- ref:0 ;
in:75 out:72 type:P dur:2 cpbdur:2 q:24.24 aq:17.23 tex:384008 mv:63816 misc:2424 imb:3165 pmb:4532 smb:463 d:s ref:0 ;
in:73 out:73 type:B dur:2 cpbdur:2 q:24.42 aq:18.36 tex:85508 mv:49622 misc:7526 imb:710 pmb:4466 smb:2984 d:s ref:0 ;
in:72 out:74 type:b dur:2 cpbdur:2 q:24.51 aq:19.38 tex:41222 mv:34990 misc:7852 imb:411 pmb:3497 smb:4252 d:s ref:0 ;
in:74 out:75 type:b dur:2 cpbdur:2 q:24.33 aq:19.01 tex:39125 mv:33327 misc:7812 imb:356 pmb:3356 smb:4448 d:- ref:0 ;
in:79 out:76 type:P dur:2 cpbdur:2 q:24.14 aq:17.60 tex:321946 mv:64364 misc:2698 imb:2905 pmb:4657 smb:598 d:s ref:0 ;
in:77 out:77 type:B dur:2 cpbdur:2 q:24.19 aq:18.07 tex:98263 mv:52753 misc:7256 imb:735 pmb:4722 smb:2703 d:s ref:0 ;
in:76 out:78 type:b dur:2 cpbdur:2 q:24.22 aq:18.94 tex:41515 mv:35104 misc:7837 imb:363 pmb:3540 smb:4257 d:s ref:0 ;
in:78 out:79 type:b dur:2 cpbdur:2 q:24.16 aq:18.96 tex:40620 mv:34666 misc:7946 imb:346 pmb:3556 smb:4258 d:- ref:0 ;
in:81 out:80 type:P dur:2 cpbdur:2 q:24.11 aq:18.17 tex:275261 mv:58584 misc:3843 imb:2621 pmb:4515 smb:1024 d:s ref:0 ;
in:80 out:81 type:b dur:2 cpbdur:2 q:24.12 aq:19.14 tex:47723 mv:36729 misc:7876 imb:369 pmb:3650 smb:4141 d:s ref:0 ;
in:83 out:82 type:P dur:2 cpbdur:2 q:24.39 aq:18.79 tex:366336 mv:63877 misc:1811 imb:3502 pmb:4341 smb:317 d:s ref:0 w:7,127,0 ;
in:82 out:83 type:b dur:2 cpbdur:2 q:24.25 aq:19.76 tex:81396 mv:49088 misc:7308 imb:794 pmb:4515 smb:2851 d:s ref:0 ;
in:85 out:84 type:P dur:2 cpbdur:2 q:24.28 aq:19.15 tex:402409 mv:64432 misc:1335 imb:4955 pmb:3005 smb:200 d:s ref:0 ;
in:84 out:85 type:b dur:2 cpbdur:2 q:24.33 aq:19.82 tex:110608 mv:62950 misc:6554 imb:1359 pmb:4525 smb:2276 d:s ref:0 ;
in:89 out:86 type:P dur:2 cpbdur:2 q:24.45 aq:19.00 tex:616619 mv:61407 misc:1054 imb:6693 pmb:1371 smb:96 d:s ref:0 ;
in:87 out:87 type:B dur:2 cpbdur:2 q:24.36 aq:19.09 tex:311009 mv:87529 misc:2926 imb:2979 pmb:4621 smb:560 d:s ref:0 ;
in:86 out:88 type:b dur:2 cpbdur:2 q:24.32 aq:19.94 tex:110054 mv:55968 misc:7346 imb:1108 pmb:4122 smb:2930 d:s ref:0 ;
in:88 out:89 type:b dur:2 cpbdur:2 q:24.41 aq:19.83 tex:103197 mv:59893 misc:7326 imb:1106 pmb:4048 smb:3006 d:- ref:0 ;
in:93 out:90 type:P dur:2 cpbdur:2 q:24.78 aq:19.04 tex:575657 mv:63473 misc:1078 imb:6535 pmb:1523 smb:102 d:s ref:0 ;
in:91 out:91 type:B dur:2 cpbdur:2 q:24.62 aq:18.99 tex:295163 mv:90918 misc:3215 imb:2989 pmb:4541 smb:630 d:s ref:0 ;
in:90 out:92 type:b dur:2 cpbdur:2 q:24.53 aq:19.98 tex:102635 mv:58982 misc:7495 imb:944 pmb:3879 smb:3337 d:s ref:0 ;
in:92 out:93 type:b dur:2 cpbdur:2 q:24.70 aq:19.99 tex:85712 mv:54034 misc:7590 imb:880 pmb:3939 smb:3341 d:- ref:0 ;
in:95 out:94 type:P dur:2 cpbdur:2 q:24.98 aq:18.68 tex:466153 mv:63737 misc:1982 imb:5133 pmb:2696 smb:331 d:s ref:0 ;
in:94 out:95 type:b dur:2 cpbdur:2 q:24.88 aq:19.92 tex:73535 mv:47622 misc:7819 imb:901 pmb:3728 smb:3531 d:s ref:0 ;
in:97 out:96 type:P dur:2 cpbdur:2 q:24.94 aq:17.72 tex:435393 mv:67081 misc:1614 imb:4449 pmb:3461 smb:250 d:s ref:0 ;
in:96 out:97 type:b dur:2 cpbdur:2 q:24.96 aq:19.74 tex:62826 mv:42605 misc:7761 imb:675 pmb:4177 smb:3308 d:s ref:0 ;
in:101 out:98 type:P dur:2 cpbdur:2 q:25.25 aq:18.10 tex:300025 mv:61793 misc:3294 imb:3531 pmb:3897 smb:732 d:s ref:0 ;
in:99 out:99 type:B dur:2 cpbdur:2 q:25.10 aq:18.55 tex:115981 mv:59790 misc:6181 imb:1078 pmb:5146 smb:1936 d:s ref:0 ;
in:98 out:100 type:b dur:2 cpbdur:2 q:25.02 aq:19.67 tex:42308 mv:35435 misc:7921 imb:348 pmb:3642 smb:4170 d:s ref:0 ;
in:100 out:101 type:b dur:2 cpbdur:2 q:25.17 aq:19.58 tex:35754 mv:35404 misc:7866 imb:398 pmb:3548 smb:4214 d:- ref:0 ;
in:105 out:102 type:P dur:2 cpbdur:2 q:25.17 aq:18.23 tex:262215 mv:61616 misc:2921 imb:3719 pmb:3777 smb:664 d:s ref:0 ;
in:103 out:103 type:B dur:2 cpbdur:2 q:25.21 aq:18.91 tex:127323 mv:59227 misc:5946 imb:1089 pmb:5182 smb:1889 d:s ref:0 ;
in:102 out:104 type:b dur:2 cpbdur:2 q:25.23 aq:19.81 tex:34167 mv:34424 misc:7833 imb:373 pmb:3540 smb:4247 d:s ref:0 ;
in:104 out:105 type:b dur:2 cpbdur:2 q:25.19 aq:19.90 tex:40774 mv:36188 misc:7886 imb:440 pmb:3720 smb:4000 d:- ref:0 ;
in:109 out:106 type:P dur:2 cpbdur:2 q:25.09 aq:18.13 tex:280741 mv:61176 misc:3115 imb:3846 pmb:3676 smb:638 d:s ref:0 ;
in:107 out:107 type:B dur:2 cpbdur:2 q:25.13 aq:18.82 tex:116591 mv:61574 misc:6027 imb:1146 pmb:5224 smb:1790 d:s ref:0 ;
in:106 out:108 type:b dur:2 cpbdur:2 q:25.15 aq:19.74 tex:38915 mv:36528 misc:7965 imb:409 pmb:3729 smb:4022 d:s ref:0 ;
in:108 out:109 type:b dur:2 cpbdur:2 q:25.11 aq:19.86 tex:40285 mv:36186 misc:7993 imb:412 pmb:3686 smb:4062 d:- ref:0 ;
in:113 out:110 type:P dur:2 cpbdur:2 q:24.99 aq:18.01 tex:299316 mv:62895 misc:3317 imb:3646 pmb:3793 smb:721 d:s ref:0 ;
in:111 out:111 type:B dur:2 cpbdur:2 q:25.04 aq:18.70 tex:159707 mv:62838 misc:5551 imb:1113 pmb:5402 smb:1645 d:s ref:0 ;
in:110 out:112 type:b dur:2 cpbdur:2 q:25.07 aq:20.00 tex:56846 mv:39260 misc:7766 imb:391 pmb:3957 smb:3812 d:s ref:0 ;
in:112 out:113 type:b dur:2 cpbdur:2 q:25.01 aq:19.81 tex:55157 mv:38224 misc:7907 imb:412 pmb:3844 smb:3904 d:- ref:0 ;
in:117 out:114 type:P dur:2 cpbdur:2 q:24.80 aq:17.78 tex:374763 mv:64080 misc:2933 imb:3686 pmb:3806 smb:668 d:s ref:0 ;
in:115 out:115 type:B dur:2 cpbdur:2 q:24.89 aq:18.85 tex:149956 mv:64130 misc:5466 imb:942 pmb:5606 smb:1612 d:s ref:0 ;
in:114 out:116 type:b dur:2 cpbdur:2 q:24.94 aq:19.65 tex:57186 mv:39664 misc:7822 imb:420 pmb:4094 smb:3646 d:s ref:0 ;
in:116 out:117 type:b dur:2 cpbdur:2 q:24.85 aq:19.39 tex:44715 mv:38371 misc:7986 imb:370 pmb:3977 smb:3813 d:- ref:0 ;
in:119 out:118 type:P dur:2 cpbdur:2 q:25.15 aq:17.84 tex:268537 mv:56450 misc:3957 imb:2920 pmb:4220 smb:1020 d:s ref:0 ;
in:118 out:119 type:b dur:2 cpbdur:2 q:24.97 aq:19.30 tex:45566 mv:38462 misc:7916 imb:392 pmb:3979 smb:3789 d:s ref:0 ;
in:123 out:120 type:P dur:2 cpbdur:2 q:25.70 aq:18.40 tex:320747 mv:61787 misc:3378 imb:3377 pmb:3934 smb:849 d:s ref:0 ;
in:121 out:121 type:B dur:2 cpbdur:2 q:25.42 aq:19.06 tex:89767 mv:53583 misc:7130 imb:708 pmb:4710 smb:2742 d:s ref:0 ;
in:120 out:122 type:b dur:2 cpbdur:2 q:25.29 aq:20.07 tex:41671 mv:35644 misc:7877 imb:344 pmb:3672 smb:4144 d:s ref:0 ;
in:122 out:123 type:b dur:2 cpbdur:2 q:25.56 aq:19.96 tex:34305 mv:32427 misc:7812 imb:298 pmb:3349 smb:4513 d:- ref:0 ;
in:127 out:124 type:P dur:2 cpbdur:2 q:26.18 aq:19.04 tex:280027 mv:60797 misc:3360 imb:3521 pmb:3922 smb:717 d:s ref:0 ;
in:125 out:125 type:B dur:2 cpbdur:2 q:25.94 aq:19.35 tex:69046 mv:49444 misc:7686 imb:724 pmb:4370 smb:3066 d:s ref:0 ;
in:124 out:126 type:b dur:2 cpbdur:2 q:25.82 aq:20.37 tex:32034 mv:30941 misc:7777 imb:308 pmb:3142 smb:4710 d:s ref:0 ;
in:126 out:127 type:b dur:2 cpbdur:2 q:26.06 aq:20.39 tex:32724 mv:30534 misc:7830 imb:334 pmb:3202 smb:4624 d:- ref:0 ;
in:129 out:128 type:P dur:2 cpbdur:2 q:26.29 aq:18.99 tex:190618 mv:52107 misc:4811 imb:2618 pmb:4196 smb:1346 d:s ref:0 ;
in:128 out:129 type:b dur:2 cpbdur:2 q:26.24 aq:20.40 tex:26766 mv:29583 misc:7803 imb:338 pmb:2964 smb:4858 d:t ref:0 ;
in:133 out:130 type:P dur:2 cpbdur:2 q:26.43 aq:19.44 tex:245701 mv:59457 misc:3618 imb:3378 pmb:3942 smb:840 d:s ref:0 ;
in:131 out:131 type:B dur:2 cpbdur:2 q:26.36 aq:19.71 tex:88495 mv:52520 misc:7065 imb:959 pmb:4803 smb:2398 d:s ref:0 ;
in:130 out:132 type:b dur:2 cpbdur:2 q:26.32 aq:20.55 tex:27301 mv:29085 misc:7734 imb:362 pmb:3001 smb:4797 d:s ref:0 ;
in:132 out:133 type:b dur:2 cpbdur:2 q:26.39 aq:20.52 tex:28825 mv:31165 misc:7842 imb:343 pmb:3175 smb:4642 d:- ref:0 ;
in:137 out:134 type:P dur:2 cpbdur:2 q:26.44 aq:20.21 tex:226807 mv:59217 misc:4040 imb:3393 pmb:3629 smb:1138 d:s ref:0 ;
in:135 out:135 type:B dur:2 cpbdur:2 q:26.43 aq:19.83 tex:95484 mv:53910 misc:6958 imb:1078 pmb:4652 smb:2430 d:s ref:0 ;
in:134 out:136 type:b dur:2 cpbdur:2 q:26.43 aq:20.57 tex:30114 mv:28740 misc:7730 imb:304 pmb:3046 smb:4810 d:s ref:0 ;
in:136 out:137 type:b dur:2 cpbdur:2 q:26.43 aq:20.58 tex:34370 mv:30730 misc:7788 imb:376 pmb:3133 smb:4651 d:- ref:0 ;
in:139 out:138 type:P dur:2 cpbdur:2 q:26.44 aq:20.54 tex:220556 mv:59315 misc:3361 imb:3692 pmb:3880 smb:588 d:s ref:0 w:6,63,0 ;
in:138 out:139 type:b dur:2 cpbdur:2 q:26.44 aq:20.94 tex:66577 mv:50752 misc:7263 imb:1333 pmb:3996 smb:2831 d:s ref:0 ;
in:141 out:140 type:P dur:2 cpbdur:2 q:26.53 aq:20.58 tex:235925 mv:59377 misc:3290 imb:4071 pmb:3397 smb:692 d:s ref:0 w:7,127,0,5,32,0,31,4 ;
in:140 out:141 type:b dur:2 cpbdur:2 q:26.49 aq:20.84 tex:56280 mv:46537 misc:7695 imb:944 pmb:4038 smb:3178 d:s ref:0 ;
in:145 out:142 type:P dur:2 cpbdur:2 q:26.49 aq:20.45 tex:332602 mv:67300 misc:1690 imb:4964 pmb:2953 smb:243 d:s ref:0 w:6,63,0 ;
in:143 out:143 type:B dur:2 cpbdur:2 q:26.51 aq:20.44 tex:192530 mv:78281 misc:3925 imb:2540 pmb:4768 smb:852 d:s ref:0 ;
in:142 out:144 type:b dur:2 cpbdur:2 q:26.52 aq:21.14 tex:67245 mv:49751 misc:7300 imb:1050 pmb:4376 smb:2734 d:s ref:0 ;
in:144 out:145 type:b dur:2 cpbdur:2 q:26.50 aq:21.19 tex:76725 mv:47310 misc:7253 imb:1035 pmb:4103 smb:3022 d:- ref:0 ;
in:149 out:146 type:P dur:2 cpbdur:2 q:26.59 aq:20.03 tex:315763 mv:66884 misc:1881 imb:4753 pmb:3088 smb:319 d:s ref:0 ;
in:147 out:147 type:B dur:2 cpbdur:2 q:26.54 aq:20.28 tex:202806 mv:67527 misc:4891 imb:1805 pmb:4983 smb:1372 d:s ref:0 ;
in:146 out:148 type:b dur:2 cpbdur:2 q:26.52 aq:21.35 tex:63177 mv:43581 misc:7218 imb:759 pmb:4063 smb:3338 d:s ref:0 ;
in:148 out:149 type:b dur:2 cpbdur:2 q:26.57 aq:21.39 tex:49844 mv:41596 misc:7544 imb:707 pmb:3736 smb:3717 d:- ref:0 ;
in:153 out:150 type:P dur:2 cpbdur:2 q:26.63 aq:19.96 tex:297667 mv:66985 misc:2428 imb:4590 pmb:3098 smb:472 d:s ref:0 ;
in:151 out:151 type:B dur:2 cpbdur:2 q:26.61 aq:20.23 tex:112580 mv:65504 misc:5964 imb:1602 pmb:4754 smb:1804 d:s ref:0 ;
in:150 out:152 type:b dur:2 cpbdur:2 q:26.60 aq:21.45 tex:37703 mv:37072 misc:7753 imb:523 pmb:3542 smb:4095 d:s ref:0 ;
in:152 out:153 type:b dur:2 cpbdur:2 q:26.62 aq:20.99 tex:41178 mv:37951 misc:7783 imb:611 pmb:3579 smb:3970 d:- ref:0 ;
in:155 out:154 type:P dur:2 cpbdur:2 q:26.69 aq:19.86 tex:191344 mv:57903 misc:4049 imb:3119 pmb:4097 smb:944 d:s ref:0 ;
in:154 out:155 type:b dur:2 cpbdur:2 q:26.66 aq:20.86 tex:35525 mv:36010 misc:8073 imb:493 pmb:3734 smb:3933 d:s ref:0 ;
in:157 out:156 type:P dur:2 cpbdur:2 q:26.62 aq:19.77 tex:169682 mv:58628 misc:4274 imb:3064 pmb:4097 smb:999 d:s ref:0 ;
in:156 out:157 type:b dur:2 cpbdur:2 q:26.65 aq:20.70 tex:34258 mv:33243 misc:7907 imb:477 pmb:3412 smb:4271 d:s ref:0 ;
in:161 out:158 type:P dur:2 cpbdur:2 q:26.65 aq:20.06 tex:163972 mv:60543 misc:4101 imb:3498 pmb:3633 smb:1029 d:s ref:0 ;
in:159 out:159 type:B dur:2 cpbdur:2 q:26.64 aq:20.16 tex:90579 mv:55462 misc:6695 imb:1163 pmb:4750 smb:2247 d:s ref:0 ;
in:158 out:160 type:b dur:2 cpbdur:2 q:26.63 aq:20.92 tex:28462 mv:30818 misc:7888 imb:360 pmb:3246 smb:4554 d:s ref:0 ;
in:160 out:161 type:b dur:2 cpbdur:2 q:26.64 aq:20.93 tex:27364 mv:29098 misc:7794 imb:329 pmb:3085 smb:4746 d:- ref:0 ;
in:165 out:162 type:P dur:2 cpbdur:2 q:26.47 aq:20.73 tex:360588 mv:65850 misc:1674 imb:5498 pmb:2446 smb:216 d:s ref:0 ;
in:163 out:163 type:B dur:2 cpbdur:2 q:26.56 aq:20.69 tex:176767 mv:74021 misc:4396 imb:2428 pmb:4653 smb:1079 d:s ref:0 ;
in:162 out:164 type:b dur:2 cpbdur:2 q:26.61 aq:20.93 tex:39917 mv:37718 misc:7957 imb:582 pmb:3656 smb:3922 d:s ref:0 ;
in:164 out:165 type:b dur:2 cpbdur:2 q:26.52 aq:21.47 tex:71107 mv:50077 misc:7720 imb:771 pmb:3754 smb:3635 d:- ref:0 ;
in:169 out:166 type:P dur:2 cpbdur:2 q:26.39 aq:20.40 tex:503351 mv:64660 misc:1725 imb:6276 pmb:1653 smb:231 d:s ref:0 ;
in:167 out:167 type:B dur:2 cpbdur:2 q:26.43 aq:20.62 tex:229310 mv:86856 misc:4842 imb:2309 pmb:4624 smb:1227 d:s ref:0 ;
in:166 out:168 type:b dur:2 cpbdur:2 q:26.45 aq:21.71 tex:99183 mv:60265 misc:7360 imb:852 pmb:3956 smb:3352 d:s ref:0 ;
in:168 out:169 type:b dur:2 cpbdur:2 q:26.41 aq:21.80 tex:89818 mv:54846 misc:7272 imb:657 pmb:3524 smb:3979 d:- ref:0 ;
in:173 out:170 type:P dur:2 cpbdur:2 q:26.37 aq:19.77 tex:566500 mv:67225 misc:1811 imb:5609 pmb:2270 smb:281 d:s ref:0 ;
in:171 out:171 type:B dur:2 cpbdur:2 q:26.38 aq:20.65 tex:201722 mv:74007 misc:5903 imb:1789 pmb:4690 smb:1681 d:s ref:0 ;
in:170 out:172 type:b dur:2 cpbdur:2 q:26.38 aq:21.72 tex:85856 mv:52128 misc:7552 imb:655 pmb:3541 smb:3964 d:s ref:0 ;
in:172 out:173 type:b dur:2 cpbdur:2 q:26.37 aq:21.83 tex:61435 mv:39663 misc:7694 imb:426 pmb:3371 smb:4363 d:- ref:0 ;
in:177 out:174 type:P dur:2 cpbdur:2 q:26.52 aq:18.96 tex:439776 mv:65891 misc:1981 imb:4226 pmb:3610 smb:324 d:s ref:0 ;
in:175 out:175 type:B dur:2 cpbdur:2 q:26.45 aq:20.10 tex:113884 mv:47076 misc:6488 imb:1064 pmb:4835 smb:2261 d:s ref:0 ;
in:174 out:176 type:b dur:2 cpbdur:2 q:26.41 aq:21.87 tex:43480 mv:29865 misc:7279 imb:648 pmb:3081 smb:4431 d:s ref:0 ;
in:176 out:177 type:b dur:2 cpbdur:2 q:26.48 aq:21.02 tex:18181 mv:14686 misc:6453 imb:87 pmb:2299 smb:5774 d:- ref:0 ;
in:181 out:178 type:P dur:2 cpbdur:2 q:26.72 aq:19.14 tex:266460 mv:48420 misc:4624 imb:2536 pmb:4082 smb:1542 d:s ref:0 ;
in:179 out:179 type:B dur:2 cpbdur:2 q:26.62 aq:19.98 tex:75054 mv:36931 misc:7231 imb:651 pmb:4139 smb:3370 d:s ref:0 ;
in:178 out:180 type:b dur:2 cpbdur:2 q:26.57 aq:20.76 tex:13490 mv:10923 misc:6051 imb:55 pmb:1833 smb:6272 d:s ref:0 ;
in:180 out:181 type:b dur:2 cpbdur:2 q:26.67 aq:20.98 tex:13283 mv:13150 misc:6743 imb:58 pmb:2099 smb:6003 d:- ref:0 ;
in:185 out:182 type:P dur:2 cpbdur:2 q:26.84 aq:19.25 tex:259806 mv:46770 misc:4768 imb:2484 pmb:3882 smb:1794 d:s ref:0 ;
in:183 out:183 type:B dur:2 cpbdur:2 q:26.78 aq:19.70 tex:49359 mv:26865 misc:8000 imb:273 pmb:3824 smb:4063 d:s ref:0 ;
in:182 out:184 type:b dur:2 cpbdur:2 q:26.75 aq:20.96 tex:11568 mv:11061 misc:6059 imb:55 pmb:1793 smb:6312 d:s ref:0 ;
in:184 out:185 type:b dur:2 cpbdur:2 q:26.81 aq:20.42 tex:10642 mv:10750 misc:5832 imb:44 pmb:1638 smb:6478 d:- ref:0 ;
in:189 out:186 type:P dur:2 cpbdur:2 q:26.87 aq:19.65 tex:215290 mv:47484 misc:4954 imb:2558 pmb:3897 smb:1705 d:s ref:0 ;
in:187 out:187 type:B dur:2 cpbdur:2 q:26.85 aq:20.20 tex:53510 mv:32996 misc:7798 imb:550 pmb:3771 smb:3839 d:s ref:0 ;
in:186 out:188 type:b dur:2 cpbdur:2 q:26.84 aq:20.75 tex:12904 mv:13057 misc:6319 imb:56 pmb:1892 smb:6212 d:s ref:0 ;
in:188 out:189 type:b dur:2 cpbdur:2 q:26.86 aq:20.80 tex:16391 mv:16148 misc:6469 imb:113 pmb:2029 smb:6018 d:- ref:0 ;
in:193 out:190 type:P dur:2 cpbdur:2 q:26.81 aq:19.76 tex:229151 mv:46947 misc:5006 imb:2903 pmb:3425 smb:1832 d:s ref:0 ;
in:191 out:191 type:B dur:2 cpbdur:2 q:26.84 aq:20.05 tex:70435 mv:40828 misc:7633 imb:663 pmb:4327 smb:3170 d:s ref:0 ;
in:190 out:192 type:b dur:2 cpbdur:2 q:26.85 aq:20.86 tex:20569 mv:19181 misc:6938 imb:158 pmb:2317 smb:5685 d:s ref:0 ;
in:192 out:193 type:b dur:2 cpbdur:2 q:26.82 aq:21.25 tex:20860 mv:21524 misc:7080 imb:197 pmb:2453 smb:5510 d:- ref:0 ;
in:197 out:194 type:P dur:2 cpbdur:2 q:26.70 aq:19.87 tex:309325 mv:52064 misc:3843 imb:4234 pmb:2795 smb:1131 d:s ref:0 ;
in:195 out:195 type:B dur:2 cpbdur:2 q:26.76 aq:20.14 tex:78418 mv:45753 misc:7413 imb:774 pmb:4412 smb:2974 d:s ref:0 ;
in:194 out:196 type:b dur:2 cpbdur:2 q:26.78 aq:20.97 tex:23757 mv:24682 misc:7201 imb:271 pmb:2486 smb:5403 d:s ref:0 ;
in:196 out:197 type:b dur:2 cpbdur:2 q:26.73 aq:21.29 tex:26863 mv:25963 misc:7406 imb:270 pmb:2798 smb:5092 d:- ref:0 ;
in:201 out:198 type:P dur:2 cpbdur:2 q:26.80 aq:20.14 tex:357414 mv:57840 misc:3914 imb:4818 pmb:2324 smb:1018 d:s ref:0 ;
in:199 out:199 type:B dur:2 cpbdur:2 q:26.75 aq:20.30 tex:95073 mv:51685 misc:7354 imb:831 pmb:4499 smb:2830 d:s ref:0 ;
in:198 out:200 type:b dur:2 cpbdur:2 q:26.73 aq:21.23 tex:28324 mv:30276 misc:7544 imb:322 pmb:2843 smb:4995 d:s ref:0 ;
in:200 out:201 type:b dur:2 cpbdur:2 q:26.78 aq:21.12 tex:28121 mv:29698 misc:7573 imb:345 pmb:2897 smb:4918 d:- ref:0 ;
in:204 out:202 type:P dur:2 cpbdur:2 q:27.06 aq:20.43 tex:314471 mv:56773 misc:4084 imb:4632 pmb:2414 smb:1114 d:s ref:0 ;
in:202 out:203 type:B dur:2 cpbdur:2 q:26.88 aq:20.84 tex:41426 mv:35687 misc:7871 imb:519 pmb:3230 smb:4411 d:s ref:0 ;
in:203 out:204 type:b dur:2 cpbdur:2 q:26.97 aq:21.16 tex:36523 mv:34802 misc:7931 imb:565 pmb:3328 smb:4267 d:- ref:0 ;
in:208 out:205 type:P dur:2 cpbdur:2 q:27.29 aq:20.78 tex:323542 mv:59074 misc:2760 imb:5425 pmb:2118 smb:617 d:s ref:0 ;
in:206 out:206 type:B dur:2 cpbdur:2 q:27.17 aq:20.82 tex:75600 mv:51548 misc:7484 imb:1071 pmb:4129 smb:2960 d:s ref:0 ;
in:205 out:207 type:b dur:2 cpbdur:2 q:27.11 aq:21.42 tex:36268 mv:35142 misc:7846 imb:520 pmb:3343 smb:4297 d:s ref:0 ;
in:207 out:208 type:b dur:2 cpbdur:2 q:27.23 aq:21.44 tex:37027 mv:34523 misc:7986 imb:631 pmb:3361 smb:4168 d:- ref:0 ;
in:211 out:209 type:P dur:2 cpbdur:2 q:27.33 aq:20.63 tex:306659 mv:58979 misc:3570 imb:4873 pmb:2417 smb:870 d:s ref:0 ;
in:209 out:210 type:B dur:2 cpbdur:2 q:27.30 aq:21.22 tex:45420 mv:39916 misc:7880 imb:675 pmb:3440 smb:4045 d:s ref:0 ;
in:210 out:211 type:b dur:2 cpbdur:2 q:27.32 aq:21.61 tex:28485 mv:31617 misc:7746 imb:466 pmb:2911 smb:4783 d:- ref:0 ;
in:213 out:212 type:P dur:2 cpbdur:2 q:27.27 aq:20.71 tex:243524 mv:53589 misc:4871 imb:3788 pmb:2913 smb:1459 d:s ref:0 ;
in:212 out:213 type:b dur:2 cpbdur:2 q:27.30 aq:22.00 tex:39361 mv:34064 misc:7719 imb:487 pmb:3140 smb:4533 d:s ref:0 ;
in:215 out:214 type:P dur:2 cpbdur:2 q:27.14 aq:20.30 tex:254336 mv:55347 misc:4117 imb:4251 pmb:2840 smb:1069 d:s ref:0 ;
in:214 out:215 type:b dur:2 cpbdur:2 q:27.21 aq:22.06 tex:48569 mv:38040 misc:7767 imb:580 pmb:3353 smb:4227 d:s ref:0 ;
in:219 out:216 type:P dur:2 cpbdur:2 q:27.13 aq:20.58 tex:338871 mv:59711 misc:2954 imb:5220 pmb:2192 smb:748 d:s ref:0 ;
in:217 out:217 type:B dur:2 cpbdur:2 q:27.14 aq:21.20 tex:100143 mv:55442 misc:6999 imb:1105 pmb:4372 smb:2683 d:s ref:0 ;
in:216 out:218 type:b dur:2 cpbdur:2 q:27.14 aq:21.45 tex:34429 mv:38496 misc:7899 imb:602 pmb:3319 smb:4239 d:s ref:0 ;
in:218 out:219 type:b dur:2 cpbdur:2 q:27.14 aq:21.70 tex:31614 mv:33858 misc:7840 imb:551 pmb:3143 smb:4466 d:- ref:0 ;
in:222 out:220 type:P dur:2 cpbdur:2 q:26.96 aq:20.46 tex:340755 mv:59220 misc:3201 imb:5061 pmb:2257 smb:842 d:s ref:0 ;
in:220 out:221 type:B dur:2 cpbdur:2 q:27.08 aq:21.18 tex:43679 mv:41362 misc:7807 imb:771 pmb:3326 smb:4063 d:s ref:0 ;
in:221 out:222 type:b dur:2 cpbdur:2 q:27.02 aq:21.58 tex:45132 mv:36824 misc:7868 imb:576 pmb:3316 smb:4268 d:- ref:0 ;
in:224 out:223 type:P dur:2 cpbdur:2 q:26.87 aq:20.31 tex:336742 mv:59814 misc:3492 imb:4739 pmb:2469 smb:952 d:s ref:0 ;
in:223 out:224 type:b dur:2 cpbdur:2 q:26.92 aq:21.83 tex:54134 mv:39816 misc:7666 imb:609 pmb:3629 smb:3922 d:s ref:0 ;
in:228 out:225 type:P dur:2 cpbdur:2 q:26.82 aq:20.44 tex:396433 mv:61552 misc:2015 imb:5900 pmb:1859 smb:401 d:s ref:0 ;
in:226 out:226 type:B dur:2 cpbdur:2 q:26.84 aq:20.77 tex:144220 mv:63554 misc:6274 imb:1757 pmb:4491 smb:1912 d:s ref:0 ;
in:225 out:227 type:b dur:2 cpbdur:2 q:26.86 aq:21.09 tex:31130 mv:35744 misc:7918 imb:663 pmb:3081 smb:4416 d:s ref:0 ;
in:227 out:228 type:b dur:2 cpbdur:2 q:26.83 aq:21.62 tex:39180 mv:36402 misc:7954 imb:728 pmb:3304 smb:4128 d:- ref:0 ;
in:230 out:229 type:P dur:2 cpbdur:2 q:26.80 aq:20.43 tex:356800 mv:59549 misc:2907 imb:5189 pmb:2257 smb:714 d:s ref:0 ;
in:229 out:230 type:b dur:2 cpbdur:2 q:26.81 aq:21.14 tex:31577 mv:35785 misc:7726 imb:745 pmb:2966 smb:4449 d:s ref:0 ;
in:232 out:231 type:P dur:2 cpbdur:2 q:26.87 aq:20.50 tex:341949 mv:60343 misc:2828 imb:5073 pmb:2404 smb:683 d:s ref:0 ;
in:231 out:232 type:b dur:2 cpbdur:2 q:26.84 aq:21.10 tex:31216 mv:35265 misc:7719 imb:732 pmb:2945 smb:4483 d:s ref:0 ;
in:234 out:233 type:P dur:2 cpbdur:2 q:26.87 aq:20.39 tex:335886 mv:59522 misc:3224 imb:4719 pmb:2630 smb:811 d:s ref:0 ;
in:233 out:234 type:b dur:2 cpbdur:2 q:26.87 aq:21.24 tex:29826 mv:34773 misc:7881 imb:576 pmb:3153 smb:4431 d:s ref:0 ;
in:236 out:235 type:P dur:2 cpbdur:2 q:26.92 aq:20.41 tex:316398 mv:58999 misc:3651 imb:4564 pmb:2595 smb:1001 d:s ref:0 ;
in:235 out:236 type:b dur:2 cpbdur:2 q:26.89 aq:21.28 tex:27441 mv:33562 misc:7685 imb:582 pmb:2931 smb:4647 d:s ref:0 ;
in:238 out:237 type:P dur:2 cpbdur:2 q:26.90 aq:20.37 tex:302740 mv:57948 misc:3512 imb:4533 pmb:2690 smb:937 d:s ref:0 ;
in:237 out:238 type:b dur:2 cpbdur:2 q:26.91 aq:21.78 tex:30518 mv:32949 misc:7701 imb:502 pmb:3016 smb:4642 d:s ref:0 ;
in:242 out:239 type:P dur:2 cpbdur:2 q:27.00 aq:20.81 tex:408919 mv:59351 misc:2378 imb:5864 pmb:1728 smb:568 d:s ref:0 ;
in:240 out:240 type:B dur:2 cpbdur:2 q:26.95 aq:21.06 tex:79642 mv:53917 misc:7097 imb:1442 pmb:3934 smb:2784 d:s ref:0 ;
in:239 out:241 type:b dur:2 cpbdur:2 q:26.93 aq:21.22 tex:29086 mv:33285 misc:7853 imb:583 pmb:3023 smb:4554 d:s ref:0 ;
in:241 out:242 type:b dur:2 cpbdur:2 q:26.97 aq:21.56 tex:31349 mv:34312 misc:7707 imb:613 pmb:3199 smb:4348 d:- ref:0 ;
in:244 out:243 type:P dur:2 cpbdur:2 q:27.00 aq:21.24 tex:253820 mv:56137 misc:4051 imb:4177 pmb:2858 smb:1125 d:s ref:0 ;
in:243 out:244 type:b dur:2 cpbdur:2 q:27.00 aq:21.68 tex:42605 mv:37540 misc:7831 imb:663 pmb:3506 smb:3991 d:s ref:0 ;
in:246 out:245 type:P dur:2 cpbdur:2 q:27.04 aq:21.31 tex:246087 mv:56805 misc:3148 imb:4674 pmb:2710 smb:776 d:s ref:0 ;
in:245 out:246 type:b dur:2 cpbdur:2 q:27.02 aq:21.80 tex:42720 mv:36964 misc:7836 imb:644 pmb:3356 smb:4160 d:s ref:0 ;
in:249 out:247 type:P dur:2 cpbdur:2 q:27.09 aq:22.45 tex:326120 mv:56730 misc:1910 imb:6359 pmb:1383 smb:418 d:s ref:0 ;
in:247 out:248 type:B dur:2 cpbdur:2 q:27.06 aq:22.18 tex:89285 mv:51305 misc:6826 imb:1476 pmb:4061 smb:2623 d:s ref:0 ;
in:248 out:249 type:b dur:2 cpbdur:2 q:27.07 aq:21.93 tex:55045 mv:42095 misc:7884 imb:839 pmb:3381 smb:3940 d:- ref:0 ;
in:250 out:250 type:I dur:2 cpbdur:2 q:24.05 aq:18.47 tex:464679 mv:174225 misc:384 imb:8160 pmb:0 smb:0 d:s ref:;
in:254 out:251 type:P dur:2 cpbdur:2 q:27.38 aq:21.67 tex:389881 mv:60275 misc:1596 imb:6429 pmb:1385 smb:346 d:s ref:0 ;
in:252 out:252 type:B dur:2 cpbdur:2 q:27.38 aq:22.11 tex:161980 mv:73262 misc:6070 imb:1877 pmb:3871 smb:2412 d:s ref:0 ;
in:251 out:253 type:b dur:2 cpbdur:2 q:27.38 aq:22.48 tex:48999 mv:45964 misc:7781 imb:707 pmb:3399 smb:4054 d:s ref:0 ;
in:253 out:254 type:b dur:2 cpbdur:2 q:27.38 aq:22.32 tex:52323 mv:50671 misc:7798 imb:972 pmb:3582 smb:3606 d:- ref:0 ;
in:258 out:255 type:P dur:2 cpbdur:2 q:27.42 aq:21.18 tex:430853 mv:63290 misc:2073 imb:5990 pmb:1716 smb:454 d:s ref:0 ;
in:256 out:256 type:B dur:2 cpbdur:2 q:27.40 aq:22.08 tex:193878 mv:80153 misc:4729 imb:2612 pmb:4223 smb:1325 d:s ref:0 ;
in:255 out:257 type:b dur:2 cpbdur:2 q:27.39 aq:22.38 tex:55116 mv:47528 misc:7780 imb:820 pmb:3608 smb:3732 d:s ref:0 ;
in:257 out:258 type:b dur:2 cpbdur:2 q:27.41 aq:22.25 tex:65962 mv:49520 misc:7350 imb:1256 pmb:3773 smb:3131 d:- ref:0 ;
in:260 out:259 type:P dur:2 cpbdur:2 q:27.66 aq:21.24 tex:241528 mv:53936 misc:4312 imb:3744 pmb:3190 smb:1226 d:s ref:0 w:0,1,1 ;
in:259 out:260 type:b dur:2 cpbdur:2 q:27.54 aq:22.34 tex:42187 mv:38287 misc:7718 imb:663 pmb:3622 smb:3875 d:s ref:0 ;
in:262 out:261 type:P dur:2 cpbdur:2 q:27.63 aq:20.91 tex:247631 mv:55052 misc:3677 imb:4160 pmb:3017 smb:983 d:s ref:0 ;
in:261 out:262 type:b dur:2 cpbdur:2 q:27.65 aq:22.15 tex:25796 mv:29253 misc:7311 imb:387 pmb:2645 smb:5128 d:s ref:0 ;
in:266 out:263 type:P dur:2 cpbdur:2 q:27.72 aq:20.98 tex:433952 mv:58948 misc:2532 imb:5714 pmb:1816 smb:630 d:s ref:0 ;
in:264 out:264 type:B dur:2 cpbdur:2 q:27.67 aq:21.86 tex:85495 mv:50602 misc:7175 imb:1002 pmb:4155 smb:3003 d:s ref:0 ;
in:263 out:265 type:b dur:2 cpbdur:2 q:27.65 aq:22.75 tex:32634 mv:31857 misc:7629 imb:402 pmb:2965 smb:4793 d:s ref:0 ;
in:265 out:266 type:b dur:2 cpbdur:2 q:27.69 aq:21.94 tex:23573 mv:27874 misc:7465 imb:367 pmb:2747 smb:5046 d:- ref:0 ;
in:268 out:267 type:P dur:2 cpbdur:2 q:27.83 aq:21.16 tex:177456 mv:45770 misc:5742 imb:2645 pmb:3175 smb:2340 d:s ref:0 ;
in:267 out:268 type:b dur:2 cpbdur:2 q:27.77 aq:22.36 tex:20342 mv:25781 misc:6893 imb:297 pmb:2327 smb:5536 d:s ref:0 ;
in:270 out:269 type:P dur:2 cpbdur:2 q:27.86 aq:21.08 tex:183214 mv:46888 misc:5426 imb:2771 pmb:3381 smb:2008 d:s ref:0 ;
in:269 out:270 type:b dur:2 cpbdur:2 q:27.84 aq:22.28 tex:19046 mv:22458 misc:6800 imb:297 pmb:2189 smb:5674 d:s ref:0 ;
in:272 out:271 type:P dur:2 cpbdur:2 q:27.90 aq:21.13 tex:153654 mv:41440 misc:6210 imb:2301 pmb:3282 smb:2577 d:s ref:0 ;
in:271 out:272 type:b dur:2 cpbdur:2 q:27.88 aq:22.56 tex:17433 mv:21929 misc:6742 imb:256 pmb:2076 smb:5828 d:t ref:0 ;
in:274 out:273 type:P dur:2 cpbdur:2 q:27.98 aq:21.40 tex:142103 mv:41418 misc:5815 imb:2450 pmb:3239 smb:2471 d:s ref:0 ;
in:273 out:274 type:b dur:2 cpbdur:2 q:27.94 aq:22.66 tex:17628 mv:21204 misc:6792 imb:246 pmb:2142 smb:5772 d:t ref:0 ;
in:276 out:275 type:P dur:2 cpbdur:2 q:27.93 aq:21.42 tex:160225 mv:44221 misc:5634 imb:2736 pmb:3422 smb:2002 d:s ref:0 ;
in:275 out:276 type:b dur:2 cpbdur:2 q:27.96 aq:22.70 tex:19599 mv:21977 misc:6960 imb:318 pmb:2213 smb:5629 d:s ref:0 ;
in:278 out:277 type:P dur:2 cpbdur:2 q:27.95 aq:21.41 tex:186097 mv:47304 misc:4743 imb:3035 pmb:3547 smb:1578 d:s ref:0 ;
in:277 out:278 type:b dur:2 cpbdur:2 q:27.94 aq:22.72 tex:22358 mv:24947 misc:7319 imb:343 pmb:2509 smb:5308 d:s ref:0 ;
in:280 out:279 type:P dur:2 cpbdur:2 q:27.97 aq:21.27 tex:214829 mv:48744 misc:4307 imb:2801 pmb:3780 smb:1579 d:s ref:0 ;
in:279 out:280 type:b dur:2 cpbdur:2 q:27.96 aq:22.93 tex:22733 mv:23892 misc:7023 imb:345 pmb:2335 smb:5480 d:s ref:0 ;
in:282 out:281 type:P dur:2 cpbdur:2 q:28.05 aq:21.04 tex:166921 mv:44769 misc:5366 imb:2672 pmb:3674 smb:1814 d:s ref:0 ;
in:281 out:282 type:b dur:2 cpbdur:2 q:28.01 aq:22.74 tex:19229 mv:20430 misc:6941 imb:238 pmb:2281 smb:5641 d:s ref:0 ;
in:286 out:283 type:P dur:2 cpbdur:2 q:28.03 aq:21.24 tex:289119 mv:54916 misc:3261 imb:4054 pmb:3263 smb:843 d:s ref:0 ;
in:284 out:284 type:B dur:2 cpbdur:2 q:28.04 aq:21.90 tex:45367 mv:34594 misc:7735 imb:585 pmb:3210 smb:4365 d:s ref:0 ;
in:283 out:285 type:b dur:2 cpbdur:2 q:28.05 aq:22.70 tex:21694 mv:21121 misc:6801 imb:293 pmb:2179 smb:5688 d:s ref:0 ;
in:285 out:286 type:b dur:2 cpbdur:2 q:28.03 aq:22.76 tex:19996 mv:19690 misc:6730 imb:249 pmb:2109 smb:5802 d:- ref:0 ;
in:288 out:287 type:P dur:2 cpbdur:2 q:28.10 aq:21.39 tex:169221 mv:45882 misc:5113 imb:2580 pmb:3869 smb:1711 d:s ref:0 ;
in:287 out:288 type:b dur:2 cpbdur:2 q:28.06 aq:22.65 tex:17114 mv:18823 misc:6431 imb:204 pmb:2013 smb:5943 d:s ref:0 ;
in:292 out:289 type:P dur:2 cpbdur:2 q:28.25 aq:21.69 tex:260899 mv:51661 misc:3744 imb:3765 pmb:3269 smb:1126 d:s ref:0 ;
in:290 out:290 type:B dur:2 cpbdur:2 q:28.17 aq:21.64 tex:57795 mv:38522 misc:7931 imb:648 pmb:3935 smb:3577 d:s ref:0 ;
in:289 out:291 type:b dur:2 cpbdur:2 q:28.14 aq:23.02 tex:20072 mv:20371 misc:6893 imb:226 pmb:2242 smb:5692 d:s ref:0 ;
in:291 out:292 type:b dur:2 cpbdur:2 q:28.21 aq:22.78 tex:19466 mv:20529 misc:6717 imb:239 pmb:2155 smb:5766 d:- ref:0 ;
in:294 out:293 type:P dur:2 cpbdur:2 q:28.23 aq:21.51 tex:161025 mv:43532 misc:5411 imb:2468 pmb:3783 smb:1909 d:s ref:0 ;
in:293 out:294 type:b dur:2 cpbdur:2 q:28.24 aq:22.97 tex:19344 mv:19808 misc:6776 imb:219 pmb:2220 smb:5721 d:s ref:0 ;
in:298 out:295 type:P dur:2 cpbdur:2 q:28.23 aq:22.02 tex:188640 mv:49088 misc:4528 imb:3654 pmb:2942 smb:1564 d:s ref:0 ;
in:296 out:296 type:B dur:2 cpbdur:2 q:28.23 aq:22.24 tex:46473 mv:33405 misc:7482 imb:564 pmb:3196 smb:4400 d:s ref:0 ;
in:295 out:297 type:b dur:2 cpbdur:2 q:28.23 aq:22.81 tex:22960 mv:22338 misc:6734 imb:356 pmb:2356 smb:5448 d:s ref:0 ;
in:297 out:298 type:b dur:2 cpbdur:2 q:28.23 aq:22.82 tex:23964 mv:22947 misc:6921 imb:334 pmb:2620 smb:5206 d:- ref:0 ;
in:300 out:299 type:P dur:2 cpbdur:2 q:28.22 aq:22.34 tex:127564 mv:39707 misc:5865 imb:2463 pmb:3016 smb:2681 d:s ref:0 ;
in:299 out:300 type:b dur:2 cpbdur:2 q:28.22 aq:22.96 tex:18606 mv:19385 misc:6753 imb:240 pmb:2182 smb:5738 d:s ref:0 ;
in:304 out:301 type:P dur:2 cpbdur:2 q:28.18 aq:21.06 tex:307129 mv:51282 misc:1701 imb:6061 pmb:1908 smb:191 d:s ref:0 w:7,93,12,7,113,21,99,25 ;
in:302 out:302 type:B dur:2 cpbdur:2 q:28.20 aq:21.92 tex:133380 mv:56184 misc:5564 imb:2507 pmb:3708 smb:1945 d:s ref:0 ;
in:301 out:303 type:b dur:2 cpbdur:2 q:28.21 aq:22.68 tex:74374 mv:43586 misc:5992 imb:1987 pmb:3814 smb:2359 d:s ref:0 ;
in:303 out:304 type:b dur:2 cpbdur:2 q:28.19 aq:22.43 tex:57470 mv:35192 misc:7242 imb:1025 pmb:2256 smb:4879 d:- ref:0 ;
in:308 out:305 type:P dur:2 cpbdur:2 q:28.08 aq:18.56 tex:447989 mv:37338 misc:625 imb:7621 pmb:539 smb:0 d:s ref:0 ;
in:306 out:306 type:B dur:2 cpbdur:2 q:28.13 aq:20.62 tex:97709 mv:37615 misc:6588 imb:1612 pmb:2186 smb:4362 d:s ref:0 ;
in:305 out:307 type:b dur:2 cpbdur:2 q:28.15 aq:21.44 tex:72174 mv:39373 misc:7245 imb:1692 pmb:2885 smb:3583 d:t ref:0 ;
in:307 out:308 type:b dur:2 cpbdur:2 q:28.10 aq:20.19 tex:68100 mv:41116 misc:6288 imb:2279 pmb:3194 smb:2687 d:- ref:0 ;
in:311 out:309 type:P dur:2 cpbdur:2 q:27.98 aq:16.18 tex:249554 mv:22049 misc:1269 imb:7131 pmb:623 smb:406 d:s ref:0 w:6,79,-29,6,85,-39,81,-36 ;
in:309 out:310 type:B dur:2 cpbdur:2 q:28.05 aq:19.59 tex:47204 mv:21553 misc:6403 imb:967 pmb:1859 smb:5334 d:s ref:0 ;
in:310 out:311 type:b dur:2 cpbdur:2 q:28.01 aq:18.50 tex:39175 mv:22298 misc:5183 imb:1265 pmb:2047 smb:4848 d:- ref:0 ;
in:315 out:312 type:P dur:2 cpbdur:2 q:27.90 aq:8.16 tex:73888 mv:6628 misc:1268 imb:6057 pmb:722 smb:1381 d:s ref:0 w:5,35,-9,5,35,-11,35,-12 ;
in:313 out:313 type:B dur:2 cpbdur:2 q:27.94 aq:11.92 tex:142 mv:41 misc:457 imb:3 pmb:3 smb:8154 d:s ref:0 ;
in:312 out:314 type:b dur:2 cpbdur:2 q:27.96 aq:13.00 tex:15 mv:25 misc:424 imb:2 pmb:1 smb:8157 d:s ref:0 ;
in:314 out:315 type:b dur:2 cpbdur:2 q:27.92 aq:13.00 tex:2 mv:11 misc:411 imb:1 pmb:0 smb:8159 d:- ref:0 ;
in:319 out:316 type:P dur:2 cpbdur:2 q:27.75 aq:15.05 tex:11181 mv:278 misc:1445 imb:9 pmb:301 smb:7850 d:s ref:0 ;
in:317 out:317 type:B dur:2 cpbdur:2 q:27.82 aq:12.00 tex:7 mv:27 misc:446 imb:2 pmb:1 smb:8157 d:s ref:0 ;
in:316 out:318 type:b dur:2 cpbdur:2 q:27.86 aq:13.00 tex:0 mv:0 misc:400 imb:0 pmb:0 smb:8160 d:s ref:0 ;
in:318 out:319 type:b dur:2 cpbdur:2 q:27.79 aq:13.00 tex:0 mv:0 misc:400 imb:0 pmb:0 smb:8160 d:- ref:0 ;
in:323 out:320 type:P dur:2 cpbdur:2 q:27.52 aq:14.94 tex:13560 mv:168 misc:1232 imb:2 pmb:227 smb:7931 d:s ref:0 ;
in:321 out:321 type:B dur:2 cpbdur:2 q:27.64 aq:11.00 tex:3 mv:11 misc:426 imb:1 pmb:0 smb:8159 d:s ref:0 ;
in:320 out:322 type:b dur:2 cpbdur:2 q:27.69 aq:13.00 tex:0 mv:0 misc:400 imb:0 pmb:0 smb:8160 d:s ref:0 ;
in:322 out:323 type:b dur:2 cpbdur:2 q:27.58 aq:13.00 tex:0 mv:0 misc:400 imb:0 pmb:0 smb:8160 d:- ref:0 ;
in:327 out:324 type:P dur:2 cpbdur:2 q:27.32 aq:14.56 tex:8888 mv:169 misc:1175 imb:4 pmb:181 smb:7975 d:s ref:0 ;
in:325 out:325 type:B dur:2 cpbdur:2 q:27.42 aq:11.00 tex:3 mv:11 misc:426 imb:1 pmb:0 smb:8159 d:s ref:0 ;
in:324 out:326 type:b dur:2 cpbdur:2 q:27.47 aq:12.00 tex:0 mv:0 misc:400 imb:0 pmb:0 smb:8160 d:s ref:0 ;
in:326 out:327 type:b dur:2 cpbdur:2 q:27.37 aq:12.00 tex:0 mv:0 misc:400 imb:0 pmb:0 smb:8160 d:- ref:0 ;
in:331 out:328 type:P dur:2 cpbdur:2 q:27.12 aq:14.19 tex:7440 mv:153 misc:1071 imb:2 pmb:147 smb:8011 d:s ref:0 ;
in:329 out:329 type:B dur:2 cpbdur:2 q:27.22 aq:11.00 tex:3 mv:11 misc:426 imb:1 pmb:0 smb:8159 d:s ref:0 ;
in:328 out:330 type:b dur:2 cpbdur:2 q:27.27 aq:12.00 tex:0 mv:0 misc:400 imb:0 pmb:0 smb:8160 d:s ref:0 ;
in:330 out:331 type:b dur:2 cpbdur:2 q:27.17 aq:12.00 tex:0 mv:0 misc:400 imb:0 pmb:0 smb:8160 d:- ref:0 ;
in:335 out:332 type:P dur:2 cpbdur:2 q:26.88 aq:13.31 tex:5635 mv:203 misc:1098 imb:8 pmb:131 smb:8021 d:s ref:0 ;
in:333 out:333 type:B dur:2 cpbdur:2 q:27.00 aq:11.00 tex:3 mv:11 misc:426 imb:1 pmb:0 smb:8159 d:s ref:0 ;
in:332 out:334 type:b dur:2 cpbdur:2 q:27.06 aq:12.00 tex:0 mv:0 misc:400 imb:0 pmb:0 smb:8160 d:s ref:0 ;
in:334 out:335 type:b dur:2 cpbdur:2 q:26.94 aq:12.00 tex:0 mv:0 misc:400 imb:0 pmb:0 smb:8160 d:- ref:0 ;
in:339 out:336 type:P dur:2 cpbdur:2 q:26.78 aq:13.75 tex:4306 mv:149 misc:937 imb:3 pmb:103 smb:8054 d:s ref:0 ;
in:337 out:337 type:B dur:2 cpbdur:2 q:26.83 aq:11.00 tex:3 mv:11 misc:426 imb:1 pmb:0 smb:8159 d:s ref:0 ;
in:336 out:338 type:b dur:2 cpbdur:2 q:26.85 aq:12.00 tex:0 mv:0 misc:400 imb:0 pmb:0 smb:8160 d:s ref:0 ;
in:338 out:339 type:b dur:2 cpbdur:2 q:26.81 aq:12.00 tex:0 mv:0 misc:400 imb:0 pmb:0 smb:8160 d:- ref:0 ;
in:343 out:340 type:P dur:2 cpbdur:2 q:26.74 aq:13.93 tex:3713 mv:106 misc:901 imb:1 pmb:97 smb:8062 d:s ref:0 ;
in:341 out:341 type:B dur:2 cpbdur:2 q:26.76 aq:11.00 tex:3 mv:11 misc:426 imb:1 pmb:0 smb:8159 d:s ref:0 ;
in:340 out:342 type:b dur:2 cpbdur:2 q:26.77 aq:12.00 tex:0 mv:0 misc:400 imb:0 pmb:0 smb:8160 d:s ref:0 ;
in:342 out:343 type:b dur:2 cpbdur:2 q:26.75 aq:12.00 tex:0 mv:0 misc:400 imb:0 pmb:0 smb:8160 d:- ref:0 ;
in:347 out:344 type:P dur:2 cpbdur:2 q:26.62 aq:12.93 tex:4948 mv:139 misc:913 imb:3 pmb:107 smb:8050 d:s ref:0 ;
in:345 out:345 type:B dur:2 cpbdur:2 q:26.68 aq:10.00 tex:3 mv:11 misc:426 imb:1 pmb:0 smb:8159 d:s ref:0 ;
in:344 out:346 type:b dur:2 cpbdur:2 q:26.71 aq:12.00 tex:0 mv:0 misc:400 imb:0 pmb:0 smb:8160 d:s ref:0 ;
in:346 out:347 type:b dur:2 cpbdur:2 q:26.65 aq:12.00 tex:0 mv:0 misc:400 imb:0 pmb:0 smb:8160 d:- ref:0 ;
in:351 out:348 type:P dur:2 cpbdur:2 q:26.35 aq:14.34 tex:5513 mv:111 misc:968 imb:1 pmb:119 smb:8040 d:s ref:0 ;
in:349 out:349 type:B dur:2 cpbdur:2 q:26.48 aq:10.00 tex:3 mv:11 misc:426 imb:1 pmb:0 smb:8159 d:s ref:0 ;
in:348 out:350 type:b dur:2 cpbdur:2 q:26.55 aq:12.00 tex:0 mv:0 misc:400 imb:0 pmb:0 smb:8160 d:s ref:0 ;
in:350 out:351 type:b dur:2 cpbdur:2 q:26.42 aq:11.00 tex:0 mv:0 misc:400 imb:0 pmb:0 smb:8160 d:- ref:0 ;
in:355 out:352 type:P dur:2 cpbdur:2 q:26.09 aq:15.23 tex:9277 mv:197 misc:1222 imb:4 pmb:191 smb:7965 d:s ref:0 ;
in:353 out:353 type:B dur:2 cpbdur:2 q:26.22 aq:8.91 tex:85 mv:26 misc:441 imb:2 pmb:1 smb:8157 d:s ref:0 ;
in:352 out:354 type:b dur:2 cpbdur:2 q:26.29 aq:11.00 tex:0 mv:0 misc:400 imb:0 pmb:0 smb:8160 d:s ref:0 ;
in:354 out:355 type:b dur:2 cpbdur:2 q:26.16 aq:11.00 tex:0 mv:0 misc:400 imb:0 pmb:0 smb:8160 d:- ref:0 ;
in:359 out:356 type:P dur:2 cpbdur:2 q:25.81 aq:13.78 tex:11762 mv:127 misc:1295 imb:1 pmb:213 smb:7946 d:s ref:0 ;
in:357 out:357 type:B dur:2 cpbdur:2 q:25.95 aq:10.00 tex:3 mv:11 misc:426 imb:1 pmb:0 smb:8159 d:s ref:0 ;
in:356 out:358 type:b dur:2 cpbdur:2 q:26.02 aq:11.00 tex:0 mv:0 misc:400 imb:0 pmb:0 smb:8160 d:s ref:0 ;
in:358 out:359 type:b dur:2 cpbdur:2 q:25.88 aq:11.00 tex:0 mv:0 misc:400 imb:0 pmb:0 smb:8160 d:- ref:0 ;
in:363 out:360 type:P dur:2 cpbdur:2 q:25.51 aq:12.80 tex:5081 mv:129 misc:1038 imb:2 pmb:120 smb:8038 d:s ref:0 ;
in:361 out:361 type:B dur:2 cpbdur:2 q:25.66 aq:9.00 tex:3 mv:11 misc:426 imb:1 pmb:0 smb:8159 d:s ref:0 ;
in:360 out:362 type:b dur:2 cpbdur:2 q:25.74 aq:11.00 tex:0 mv:0 misc:400 imb:0 pmb:0 smb:8160 d:s ref:0 ;
in:362 out:363 type:b dur:2 cpbdur:2 q:25.59 aq:11.00 tex:0 mv:0 misc:400 imb:0 pmb:0 smb:8160 d:- ref:0 ;
in:367 out:364 type:P dur:2 cpbdur:2 q:25.21 aq:13.41 tex:9128 mv:122 misc:1102 imb:2 pmb:152 smb:8006 d:s ref:0 ;
in:365 out:365 type:B dur:2 cpbdur:2 q:25.36 aq:9.00 tex:3 mv:11 misc:426 imb:1 pmb:0 smb:8159 d:s ref:0 ;
in:364 out:366 type:b dur:2 cpbdur:2 q:25.44 aq:10.00 tex:0 mv:0 misc:400 imb:0 pmb:0 smb:8160 d:s ref:0 ;
in:366 out:367 type:b dur:2 cpbdur:2 q:25.28 aq:10.00 tex:0 mv:0 misc:400 imb:0 pmb:0 smb:8160 d:- ref:0 ;
in:371 out:368 type:P dur:2 cpbdur:2 q:24.90 aq:11.48 tex:6947 mv:444 misc:1217 imb:47 pmb:141 smb:7972 d:s ref:0 ;
in:369 out:369 type:B dur:2 cpbdur:2 q:25.05 aq:9.00 tex:3 mv:11 misc:426 imb:1 pmb:0 smb:8159 d:s ref:0 ;
in:368 out:370 type:b dur:2 cpbdur:2 q:25.13 aq:10.00 tex:0 mv:0 misc:400 imb:0 pmb:0 smb:8160 d:s ref:0 ;
in:370 out:371 type:b dur:2 cpbdur:2 q:24.98 aq:10.00 tex:0 mv:0 misc:400 imb:0 pmb:0 smb:8160 d:- ref:0 ;
in:375 out:372 type:P dur:2 cpbdur:2 q:24.58 aq:13.00 tex:8071 mv:129 misc:936 imb:2 pmb:120 smb:8038 d:s ref:0 ;
in:373 out:373 type:B dur:2 cpbdur:2 q:24.74 aq:8.00 tex:38 mv:23 misc:435 imb:2 pmb:0 smb:8158 d:s ref:0 ;
in:372 out:374 type:b dur:2 cpbdur:2 q:24.82 aq:10.00 tex:0 mv:0 misc:400 imb:0 pmb:0 smb:8160 d:s ref:0 ;
in:374 out:375 type:b dur:2 cpbdur:2 q:24.66 aq:10.00 tex:0 mv:0 misc:400 imb:0 pmb:0 smb:8160 d:- ref:0 ;
in:379 out:376 type:P dur:2 cpbdur:2 q:24.27 aq:13.91 tex:3834 mv:130 misc:876 imb:2 pmb:94 smb:8064 d:s ref:0 ;
in:377 out:377 type:B dur:2 cpbdur:2 q:24.43 aq:8.00 tex:33 mv:23 misc:440 imb:2 pmb:0 smb:8158 d:s ref:0 ;
in:376 out:378 type:b dur:2 cpbdur:2 q:24.50 aq:10.00 tex:0 mv:0 misc:400 imb:0 pmb:0 smb:8160 d:s ref:0 ;
in:378 out:379 type:b dur:2 cpbdur:2 q:24.35 aq:9.00 tex:0 mv:0 misc:400 imb:0 pmb:0 smb:8160 d:- ref:0 ;
in:383 out:380 type:P dur:2 cpbdur:2 q:23.95 aq:12.38 tex:1841 mv:222 misc:833 imb:14 pmb:72 smb:8074 d:s ref:0 ;
in:381 out:381 type:B dur:2 cpbdur:2 q:24.11 aq:8.00 tex:33 mv:23 misc:440 imb:2 pmb:0 smb:8158 d:s ref:0 ;
in:380 out:382 type:b dur:2 cpbdur:2 q:24.19 aq:9.00 tex:0 mv:0 misc:400 imb:0 pmb:0 smb:8160 d:s ref:0 ;
in:382 out:383 type:b dur:2 cpbdur:2 q:24.03 aq:9.00 tex:0 mv:0 misc:400 imb:0 pmb:0 smb:8160 d:- ref:0 ;
in:387 out:384 type:P dur:2 cpbdur:2 q:23.61 aq:11.93 tex:2022 mv:274 misc:824 imb:20 pmb:49 smb:8091 d:s ref:0 ;
in:385 out:385 type:B dur:2 cpbdur:2 q:23.78 aq:8.00 tex:30 mv:12 misc:430 imb:1 pmb:0 smb:8159 d:s ref:0 ;
in:384 out:386 type:b dur:2 cpbdur:2 q:23.86 aq:9.00 tex:3 mv:11 misc:410 imb:1 pmb:0 smb:8159 d:s ref:0 ;
in:386 out:387 type:b dur:2 cpbdur:2 q:23.70 aq:9.00 tex:0 mv:0 misc:400 imb:0 pmb:0 smb:8160 d:- ref:0 ;
in:391 out:388 type:P dur:2 cpbdur:2 q:23.31 aq:12.35 tex:279 mv:51 misc:566 imb:0 pmb:15 smb:8145 d:s ref:0 ;
in:389 out:389 type:B dur:2 cpbdur:2 q:23.46 aq:7.00 tex:31 mv:12 misc:429 imb:1 pmb:0 smb:8159 d:s ref:0 ;
in:388 out:390 type:b dur:2 cpbdur:2 q:23.54 aq:9.00 tex:0 mv:0 misc:400 imb:0 pmb:0 smb:8160 d:s ref:0 ;
in:390 out:391 type:b dur:2 cpbdur:2 q:23.38 aq:8.00 tex:0 mv:0 misc:400 imb:0 pmb:0 smb:8160 d:- ref:0 ;
in:395 out:392 type:P dur:2 cpbdur:2 q:23.01 aq:10.18 tex:76 mv:23 misc:485 imb:0 pmb:4 smb:8156 d:s ref:0 ;
in:393 out:393 type:B dur:2 cpbdur:2 q:23.16 aq:7.00 tex:31 mv:12 misc:429 imb:1 pmb:0 smb:8159 d:s ref:0 ;
in:392 out:394 type:b dur:2 cpbdur:2 q:23.23 aq:8.00 tex:0 mv:0 misc:400 imb:0 pmb:0 smb:8160 d:s ref:0 ;
in:394 out:395 type:b dur:2 cpbdur:2 q:23.08 aq:8.00 tex:0 mv:0 misc:400 imb:0 pmb:0 smb:8160 d:- ref:0 ;
in:399 out:396 type:P dur:2 cpbdur:2 q:22.72 aq:8.67 tex:81 mv:22 misc:481 imb:0 pmb:4 smb:8156 d:s ref:0 ;
in:397 out:397 type:B dur:2 cpbdur:2 q:22.87 aq:7.00 tex:31 mv:12 misc:429 imb:1 pmb:0 smb:8159 d:s ref:0 ;
in:396 out:398 type:b dur:2 cpbdur:2 q:22.94 aq:8.00 tex:0 mv:0 misc:400 imb:0 pmb:0 smb:8160 d:s ref:0 ;
in:398 out:399 type:b dur:2 cpbdur:2 q:22.79 aq:8.00 tex:0 mv:0 misc:400 imb:0 pmb:0 smb:8160 d:- ref:0 ;
in:403 out:400 type:P dur:2 cpbdur:2 q:22.43 aq:10.78 tex:62 mv:18 misc:472 imb:0 pmb:3 smb:8157 d:s ref:0 ;
in:401 out:401 type:B dur:2 cpbdur:2 q:22.58 aq:6.00 tex:34 mv:12 misc:434 imb:1 pmb:0 smb:8159 d:s ref:0 ;
in:400 out:402 type:b dur:2 cpbdur:2 q:22.65 aq:8.00 tex:0 mv:0 misc:400 imb:0 pmb:0 smb:8160 d:s ref:0 ;
in:402 out:403 type:b dur:2 cpbdur:2 q:22.50 aq:8.00 tex:0 mv:0 misc:400 imb:0 pmb:0 smb:8160 d:- ref:0 ;
in:406 out:404 type:P dur:2 cpbdur:2 q:22.14 aq:7.00 tex:0 mv:0 misc:432 imb:0 pmb:0 smb:8160 d:s ref:0 ;
in:404 out:405 type:B dur:2 cpbdur:2 q:22.33 aq:7.00 tex:31 mv:12 misc:429 imb:1 pmb:0 smb:8159 d:s ref:0 ;
in:405 out:406 type:b dur:2 cpbdur:2 q:22.24 aq:7.00 tex:4 mv:8 misc:412 imb:0 pmb:1 smb:8159 d:- ref:0 ;
